=== T1 32.154141105 ===
1791409804.4692671230 /tmp/pud-ev2c-stateW
=== T2 32.697641562 ===
1791409804.4692671230 /tmp/pud-ev2c-stateW
=== T3 33.199802711 ===
1791409804.4692671230 /tmp/pud-ev2c-stateW
=== T4 33.702395748 ===
1791409804.4692671230 /tmp/pud-ev2c-stateW
=== T5 34.204686347 ===
1791409804.4692671230 /tmp/pud-ev2c-stateW
=== T6 34.706839317 ===
1791409834.6303413380 /tmp/pud-ev2c-stateW
1791409834.6303413380 /tmp/pud-ev2c-stateW/candidate-l10ghnz4/.attempt-id
1791409834.6303413380 /tmp/pud-ev2c-stateW/candidate-l10ghnz4/.attempt-nonce
1791409834.6303413380 /tmp/pud-ev2c-stateW/candidate-l10ghnz4/home
1791409834.6303413380 /tmp/pud-ev2c-stateW/candidate-l10ghnz4/projects
1791409834.6303413380 /tmp/pud-ev2c-stateW/candidate-l10ghnz4/worktrees
1791409834.6923435460 /tmp/pud-ev2c-stateW/candidate-l10ghnz4
1791409834.6923435460 /tmp/pud-ev2c-stateW/candidate-l10ghnz4/test-892b030ca2da22a8.json
=== T7 35.211944326 ===
1791409834.9113513470 /tmp/pud-ev2c-stateW/candidate-l10ghnz4/home
1791409834.9113513470 /tmp/pud-ev2c-stateW/candidate-l10ghnz4/home/.m07-t05/applied-manifest.json
1791409834.9113513470 /tmp/pud-ev2c-stateW/candidate-l10ghnz4/home/.m07-t05/processes
1791409834.9113513470 /tmp/pud-ev2c-stateW/candidate-l10ghnz4/home/.paseo
1791409834.9113513470 /tmp/pud-ev2c-stateW/candidate-l10ghnz4/home/.paseo/config.json
1791409835.0813574020 /tmp/pud-ev2c-stateW/candidate-l10ghnz4/home/.m07-t05
1791409835.0813574020 /tmp/pud-ev2c-stateW/candidate-l10ghnz4/home/.m07-t05/applied.json
1791409835.0813574020 /tmp/pud-ev2c-stateW/candidate-l10ghnz4/home/.m07-t05/applied.json.sock
=== T8 35.715659963 ===
1791409834.9113513470 /tmp/pud-ev2c-stateW/candidate-l10ghnz4/home
1791409834.9113513470 /tmp/pud-ev2c-stateW/candidate-l10ghnz4/home/.m07-t05/applied-manifest.json
1791409834.9113513470 /tmp/pud-ev2c-stateW/candidate-l10ghnz4/home/.m07-t05/processes
1791409834.9113513470 /tmp/pud-ev2c-stateW/candidate-l10ghnz4/home/.paseo
1791409834.9113513470 /tmp/pud-ev2c-stateW/candidate-l10ghnz4/home/.paseo/config.json
1791409835.0813574020 /tmp/pud-ev2c-stateW/candidate-l10ghnz4/home/.m07-t05
1791409835.0813574020 /tmp/pud-ev2c-stateW/candidate-l10ghnz4/home/.m07-t05/applied.json
1791409835.0813574020 /tmp/pud-ev2c-stateW/candidate-l10ghnz4/home/.m07-t05/applied.json.sock
=== T9 36.218106363 ===
1791409834.9113513470 /tmp/pud-ev2c-stateW/candidate-l10ghnz4/home
1791409834.9113513470 /tmp/pud-ev2c-stateW/candidate-l10ghnz4/home/.m07-t05/applied-manifest.json
1791409834.9113513470 /tmp/pud-ev2c-stateW/candidate-l10ghnz4/home/.m07-t05/processes
1791409834.9113513470 /tmp/pud-ev2c-stateW/candidate-l10ghnz4/home/.paseo
1791409834.9113513470 /tmp/pud-ev2c-stateW/candidate-l10ghnz4/home/.paseo/config.json
1791409835.0813574020 /tmp/pud-ev2c-stateW/candidate-l10ghnz4/home/.m07-t05
1791409835.0813574020 /tmp/pud-ev2c-stateW/candidate-l10ghnz4/home/.m07-t05/applied.json
1791409835.0813574020 /tmp/pud-ev2c-stateW/candidate-l10ghnz4/home/.m07-t05/applied.json.sock
=== T10 36.720481716 ===
1791409834.9113513470 /tmp/pud-ev2c-stateW/candidate-l10ghnz4/home
1791409834.9113513470 /tmp/pud-ev2c-stateW/candidate-l10ghnz4/home/.m07-t05/applied-manifest.json
1791409834.9113513470 /tmp/pud-ev2c-stateW/candidate-l10ghnz4/home/.m07-t05/processes
1791409834.9113513470 /tmp/pud-ev2c-stateW/candidate-l10ghnz4/home/.paseo
1791409834.9113513470 /tmp/pud-ev2c-stateW/candidate-l10ghnz4/home/.paseo/config.json
1791409835.0813574020 /tmp/pud-ev2c-stateW/candidate-l10ghnz4/home/.m07-t05
1791409835.0813574020 /tmp/pud-ev2c-stateW/candidate-l10ghnz4/home/.m07-t05/applied.json
1791409835.0813574020 /tmp/pud-ev2c-stateW/candidate-l10ghnz4/home/.m07-t05/applied.json.sock
=== T11 37.222874759 ===
1791409834.9113513470 /tmp/pud-ev2c-stateW/candidate-l10ghnz4/home
1791409834.9113513470 /tmp/pud-ev2c-stateW/candidate-l10ghnz4/home/.m07-t05/applied-manifest.json
1791409834.9113513470 /tmp/pud-ev2c-stateW/candidate-l10ghnz4/home/.m07-t05/processes
1791409834.9113513470 /tmp/pud-ev2c-stateW/candidate-l10ghnz4/home/.paseo
1791409834.9113513470 /tmp/pud-ev2c-stateW/candidate-l10ghnz4/home/.paseo/config.json
1791409835.0813574020 /tmp/pud-ev2c-stateW/candidate-l10ghnz4/home/.m07-t05
1791409835.0813574020 /tmp/pud-ev2c-stateW/candidate-l10ghnz4/home/.m07-t05/applied.json
1791409835.0813574020 /tmp/pud-ev2c-stateW/candidate-l10ghnz4/home/.m07-t05/applied.json.sock
=== T12 37.726296823 ===
1791409834.9113513470 /tmp/pud-ev2c-stateW/candidate-l10ghnz4/home/.m07-t05/processes
1791409834.9113513470 /tmp/pud-ev2c-stateW/candidate-l10ghnz4/home/.paseo/config.json
1791409835.0813574020 /tmp/pud-ev2c-stateW/candidate-l10ghnz4/home/.m07-t05
1791409835.0813574020 /tmp/pud-ev2c-stateW/candidate-l10ghnz4/home/.m07-t05/applied.json
1791409835.0813574020 /tmp/pud-ev2c-stateW/candidate-l10ghnz4/home/.m07-t05/applied.json.sock
1791409837.6634493650 /tmp/pud-ev2c-stateW/candidate-l10ghnz4/home/.paseo/paseo.pid
1791409837.6754497930 /tmp/pud-ev2c-stateW/candidate-l10ghnz4/home/.paseo
1791409837.6814500070 /tmp/pud-ev2c-stateW/candidate-l10ghnz4/home/.paseo/daemon.log
=== T13 38.229562857 ===
1791409834.9113513470 /tmp/pud-ev2c-stateW/candidate-l10ghnz4/home/.m07-t05/processes
1791409834.9113513470 /tmp/pud-ev2c-stateW/candidate-l10ghnz4/home/.paseo/config.json
1791409835.0813574020 /tmp/pud-ev2c-stateW/candidate-l10ghnz4/home/.m07-t05
1791409835.0813574020 /tmp/pud-ev2c-stateW/candidate-l10ghnz4/home/.m07-t05/applied.json
1791409835.0813574020 /tmp/pud-ev2c-stateW/candidate-l10ghnz4/home/.m07-t05/applied.json.sock
1791409837.6634493650 /tmp/pud-ev2c-stateW/candidate-l10ghnz4/home/.paseo/paseo.pid
1791409837.6754497930 /tmp/pud-ev2c-stateW/candidate-l10ghnz4/home/.paseo
1791409837.6814500070 /tmp/pud-ev2c-stateW/candidate-l10ghnz4/home/.paseo/daemon.log
=== T14 38.731972337 ===
1791409837.6634493650 /tmp/pud-ev2c-stateW/candidate-l10ghnz4/home/.paseo/paseo.pid
1791409838.6864858020 /tmp/pud-ev2c-stateW/candidate-l10ghnz4/home/.paseo/server-id
1791409838.7084865860 /tmp/pud-ev2c-stateW/candidate-l10ghnz4/home/.paseo/daemon-keypair.json
1791409838.7214870490 /tmp/pud-ev2c-stateW/candidate-l10ghnz4/home/.paseo
1791409838.7214870490 /tmp/pud-ev2c-stateW/candidate-l10ghnz4/home/.paseo/runtime
1791409838.7224870850 /tmp/pud-ev2c-stateW/candidate-l10ghnz4/home/.paseo/runtime/opencode
1791409838.7224870850 /tmp/pud-ev2c-stateW/candidate-l10ghnz4/home/.paseo/runtime/opencode/paseo-5ae07a46c614cd64985c83235e9a73441297a2ad373eb592cd36f7558f130f28.mjs
1791409838.7314874050 /tmp/pud-ev2c-stateW/candidate-l10ghnz4/home/.paseo/daemon.log
=== T15 39.236255065 ===
1791409838.7084865860 /tmp/pud-ev2c-stateW/candidate-l10ghnz4/home/.paseo/daemon-keypair.json
1791409838.7214870490 /tmp/pud-ev2c-stateW/candidate-l10ghnz4/home/.paseo/runtime
1791409838.7224870850 /tmp/pud-ev2c-stateW/candidate-l10ghnz4/home/.paseo/runtime/opencode
1791409838.7224870850 /tmp/pud-ev2c-stateW/candidate-l10ghnz4/home/.paseo/runtime/opencode/paseo-5ae07a46c614cd64985c83235e9a73441297a2ad373eb592cd36f7558f130f28.mjs
1791409838.7334874760 /tmp/pud-ev2c-stateW/candidate-l10ghnz4/home/.paseo/schedules
1791409838.7344875120 /tmp/pud-ev2c-stateW/candidate-l10ghnz4/home/.paseo
1791409838.7344875120 /tmp/pud-ev2c-stateW/candidate-l10ghnz4/home/.paseo/local-credential
1791409839.2035042160 /tmp/pud-ev2c-stateW/candidate-l10ghnz4/home/.paseo/daemon.log
=== T16 39.739549005 ===
1791409838.7084865860 /tmp/pud-ev2c-stateW/candidate-l10ghnz4/home/.paseo/daemon-keypair.json
1791409838.7214870490 /tmp/pud-ev2c-stateW/candidate-l10ghnz4/home/.paseo/runtime
1791409838.7224870850 /tmp/pud-ev2c-stateW/candidate-l10ghnz4/home/.paseo/runtime/opencode
1791409838.7224870850 /tmp/pud-ev2c-stateW/candidate-l10ghnz4/home/.paseo/runtime/opencode/paseo-5ae07a46c614cd64985c83235e9a73441297a2ad373eb592cd36f7558f130f28.mjs
1791409838.7334874760 /tmp/pud-ev2c-stateW/candidate-l10ghnz4/home/.paseo/schedules
1791409838.7344875120 /tmp/pud-ev2c-stateW/candidate-l10ghnz4/home/.paseo
1791409838.7344875120 /tmp/pud-ev2c-stateW/candidate-l10ghnz4/home/.paseo/local-credential
1791409839.7385232720 /tmp/pud-ev2c-stateW/candidate-l10ghnz4/home/.paseo/daemon.log
=== T17 40.243788314 ===
1791409839.7645241980 /tmp/pud-ev2c-stateW/candidate-l10ghnz4/home/.paseo/daemon.log
1791409839.7645241980 /tmp/pud-ev2c-stateW/candidate-l10ghnz4/home/.paseo/paseo.pid
1791409840.0345338140 /tmp/pud-ev2c-stateW/candidate-l10ghnz4/home/.paseo
1791409840.0345338140 /tmp/pud-ev2c-stateW/candidate-l10ghnz4/home/.paseo/models
1791409840.0345338140 /tmp/pud-ev2c-stateW/candidate-l10ghnz4/home/.paseo/models/local-speech
1791409840.0445341710 /tmp/pud-ev2c-stateW/candidate-l10ghnz4/home/.paseo/models/local-speech/.downloads
1791409840.2425412230 /tmp/pud-ev2c-stateW/candidate-l10ghnz4/home/.paseo/models/local-speech/.downloads/kokoro-en-v0_19.tar.bz2.tmp-1791409840044
1791409840.2425412230 /tmp/pud-ev2c-stateW/candidate-l10ghnz4/home/.paseo/models/local-speech/.downloads/sherpa-onnx-nemo-parakeet-tdt-0.6b-v2-int8.tar.bz2.tmp-1791409840034
=== T18 40.750450999 ===
1791409840.0345338140 /tmp/pud-ev2c-stateW/candidate-l10ghnz4/home/.paseo/models
1791409840.0345338140 /tmp/pud-ev2c-stateW/candidate-l10ghnz4/home/.paseo/models/local-speech
1791409840.0445341710 /tmp/pud-ev2c-stateW/candidate-l10ghnz4/home/.paseo/models/local-speech/.downloads
1791409840.6195546500 /tmp/pud-ev2c-stateW/candidate-l10ghnz4/home/.paseo
1791409840.6195546500 /tmp/pud-ev2c-stateW/candidate-l10ghnz4/home/.paseo/cli-client-id
1791409840.6355552200 /tmp/pud-ev2c-stateW/candidate-l10ghnz4/home/.paseo/daemon.log
1791409840.7505593160 /tmp/pud-ev2c-stateW/candidate-l10ghnz4/home/.paseo/models/local-speech/.downloads/kokoro-en-v0_19.tar.bz2.tmp-1791409840044
1791409840.7505593160 /tmp/pud-ev2c-stateW/candidate-l10ghnz4/home/.paseo/models/local-speech/.downloads/sherpa-onnx-nemo-parakeet-tdt-0.6b-v2-int8.tar.bz2.tmp-1791409840034
=== T19 41.256054382 ===
1791409840.0345338140 /tmp/pud-ev2c-stateW/candidate-l10ghnz4/home/.paseo/models
1791409840.0345338140 /tmp/pud-ev2c-stateW/candidate-l10ghnz4/home/.paseo/models/local-speech
1791409840.0445341710 /tmp/pud-ev2c-stateW/candidate-l10ghnz4/home/.paseo/models/local-speech/.downloads
1791409840.6195546500 /tmp/pud-ev2c-stateW/candidate-l10ghnz4/home/.paseo
1791409840.6195546500 /tmp/pud-ev2c-stateW/candidate-l10ghnz4/home/.paseo/cli-client-id
1791409840.9805675090 /tmp/pud-ev2c-stateW/candidate-l10ghnz4/home/.paseo/daemon.log
1791409841.2295763770 /tmp/pud-ev2c-stateW/candidate-l10ghnz4/home/.paseo/models/local-speech/.downloads/sherpa-onnx-nemo-parakeet-tdt-0.6b-v2-int8.tar.bz2.tmp-1791409840034
1791409841.2555773030 /tmp/pud-ev2c-stateW/candidate-l10ghnz4/home/.paseo/models/local-speech/.downloads/kokoro-en-v0_19.tar.bz2.tmp-1791409840044
=== T20 41.759068167 ===
1791409840.6195546500 /tmp/pud-ev2c-stateW/candidate-l10ghnz4/home/.paseo/cli-client-id
1791409841.7045932950 /tmp/pud-ev2c-stateW/candidate-l10ghnz4/home/.paseo/models/local-speech/.downloads/kokoro-en-v0_19.tar.bz2
1791409841.7055933310 /tmp/pud-ev2c-stateW/candidate-l10ghnz4/home/.paseo/daemon.log
1791409841.7055933310 /tmp/pud-ev2c-stateW/candidate-l10ghnz4/home/.paseo/models/local-speech/.downloads
1791409841.7225939370 /tmp/pud-ev2c-stateW/candidate-l10ghnz4/home/.paseo/models/local-speech/.downloads/kokoro-en-v0_19.extracting
1791409841.7225939370 /tmp/pud-ev2c-stateW/candidate-l10ghnz4/home/.paseo/models/local-speech/.downloads/kokoro-en-v0_19.extracting/kokoro-en-v0_19
1791409841.7325942930 /tmp/pud-ev2c-stateW/candidate-l10ghnz4/home/.paseo/models/local-speech/.downloads/kokoro-en-v0_19.extracting/kokoro-en-v0_19/model.onnx
1791409841.7325942930 /tmp/pud-ev2c-stateW/candidate-l10ghnz4/home/.paseo/models/local-speech/.downloads/sherpa-onnx-nemo-parakeet-tdt-0.6b-v2-int8.tar.bz2.tmp-1791409840034
WATCH_STOPPED
